// Jest Snapshot v1, https://goo.gl/fbAQLP

exports[`Character Card renders homepage unchanged 1`] = `
<div>
  <div
    class="nextui-c-kRHeuF nextui-c-kRHeuF-ifXZSqS-css nextui-grid-item xs"
  >
    <div
      class="nextui-c-BDLTQ nextui-c-jMTBsW nextui-c-PJLV nextui-c-BDLTQ-jyIjWj-variant-shadow nextui-c-BDLTQ-fmlsco-borderWeight-light nextui-c-BDLTQ-cuwTXc-disableAnimation-false nextui-c-PJLV-gulvcB-isFocusVisible-false nextui-c-BDLTQ-ibAXaqy-css"
      role="section"
      tabindex="-1"
    >
      <div
        class="nextui-c-jxECYO nextui-c-jxECYO-icwRywK-css"
      >
        <div
          class="nextui-c-cMTZRp nextui-c-cMTZRp-ijmTDtb-css"
        >
          <p
            class="nextui-c-PJLV nextui-c-PJLV-hyvuql-weight-bold nextui-c-PJLV-ibGzHov-css"
          >
            Human
          </p>
          <h3
            class="nextui-c-PJLV nextui-c-PJLV-ijtkusk-css"
          >
            Mechanical Rick
          </h3>
        </div>
      </div>
      <div
        class="nextui-c-eFfoBo nextui-c-eFfoBo-ifBQDyP-css"
      >
        <div
          class="nextui-c-iVzbCs nextui-c-iVzbCs-bDGmTT-ready-true nextui-c-iVzbCs-ihinyfY-css nextui-image-container nextui-image--loading"
          data-state="loading"
        >
          <div
            class="nextui-c-FIiRH nextui-c-FIiRH-ibDGmTT-css nextui-image-skeleton"
          />
          <img
            alt="Mechanical Rick"
            class="nextui-c-kbhVdb nextui-c-kbhVdb-ieCSSFU-css nextui-image"
            data-state="loading"
            height="100%"
            src="https://rickandmortyapi.com/api/character/218"
            width="100%"
          />
        </div>
      </div>
      <div
        class="nextui-c-cakKrd nextui-c-cakKrd-gjCMAI-isBlurred-true nextui-c-cakKrd-ijEqIDO-css"
      >
        <div
          class="nextui-c-dfbgCO nextui-c-dfbgCO-fGHEql-fluid-true nextui-c-dfbgCO-idIWWzx-css"
        >
          <div
            class="nextui-c-cMTZRp nextui-c-cMTZRp-ijmTDtb-css"
          >
            <p
              class="nextui-c-PJLV nextui-c-PJLV-iiWWerx-css"
            >
              Estado: Alive
            </p>
            <p
              class="nextui-c-PJLV nextui-c-PJLV-ifpbLBb-css"
            >
              Fecha de creaci√≥n: 30/12/2017 11:33
            </p>
          </div>
          <div
            class="nextui-c-cMTZRp nextui-c-cMTZRp-ijmTDtb-css"
          >
            <div
              class="nextui-c-dfbgCO nextui-c-dfbgCO-fGHEql-fluid-true nextui-c-dfbgCO-iipPaye-css"
            >
              <button
                aria-label="Favorite"
                class="nextui-c-iWjDFM nextui-c-PJLV nextui-c-ldmKBv nextui-c-iWjDFM-iaomLu-bordered-true nextui-c-iWjDFM-wUUIG-color-secondary nextui-c-iWjDFM-gkIlwi-size-md nextui-c-iWjDFM-cwXrJp-borderWeight-normal nextui-c-iWjDFM-cyFBRX-flat-true nextui-c-iWjDFM-exaRme-auto-true nextui-c-iWjDFM-hzYxzX-rounded-true nextui-c-iWjDFM-gglxka-cv nextui-c-iWjDFM-iHRvQZ-cv nextui-c-iWjDFM-gBzeNH-cv nextui-c-iWjDFM-euJLgm-cv nextui-c-PJLV-gulvcB-isFocusVisible-false nextui-c-iWjDFM-iPJLV-css nextui-button nextui-button--ready"
                data-state="ready"
                type="button"
              >
                <span
                  class="nextui-button-text"
                >
                  <p
                    class="nextui-c-PJLV nextui-c-PJLV-hyvuql-weight-bold nextui-c-PJLV-ikBSpPJ-css"
                  >
                    Guardar en favoritos
                  </p>
                </span>
              </button>
            </div>
          </div>
        </div>
      </div>
    </div>
  </div>
</div>
`;
